#	hooks/EXAMPLES/TEST/FVT-option-cluster-008/SA-shellcheck-001.expected  3.1.100.1741  2020-10-23T22:36:12.416793-05:00 (CDT)  https://github.com/BradleyA/git-TEST-commit-automation.git  master  uadmin  five-rpi3b.cptx86.com 3.1.99-9-ge5bd164  
#	   hooks/EXAMPLES/FVT-setup.sh hooks/EXAMPLES/TEST/FVT-option-cluster-001/SA-shellcheck-001.expected hooks/EXAMPLES/TEST/FVT-option-cluster-002/SA-shellcheck-001.expected hooks/EXAMPLES/TEST/FVT-option-cluster-003/SA-shellcheck-001.expected hooks/EXAMPLES/TEST/FVT-option-cluster-004/SA-shellcheck-001.expected hooks/EXAMPLES/TEST/FVT-option-cluster-005/SA-shellcheck-001.expected hooks/EXAMPLES/TEST/FVT-option-cluster-006/SA-shellcheck-001.expected hooks/EXAMPLES/TEST/FVT-option-cluster-007/SA-shellcheck-001.expected hooks/EXAMPLES/TEST/FVT-option-cluster-008/SA-shellcheck-001.expected -->   added cluster  
