#	hooks/EXAMPLES/TEST/FVT-option-systems-006/SA-shellcheck-001.expected  3.1.108.1769  2020-10-25T11:12:19.016211-05:00 (CDT)  https://github.com/BradleyA/git-TEST-commit-automation.git  master  uadmin  five-rpi3b.cptx86.com 3.1.107-9-g7d67e50  
#	   hooks/EXAMPLES/FVT-setup.sh hooks/EXAMPLES/TEST/FVT-option-systems-002/SA-shellcheck-001.expected hooks/EXAMPLES/TEST/FVT-option-systems-003/SA-shellcheck-001.expected hooks/EXAMPLES/TEST/FVT-option-systems-004/SA-shellcheck-001.expected hooks/EXAMPLES/TEST/FVT-option-systems-005/SA-shellcheck-001.expected hooks/EXAMPLES/TEST/FVT-option-systems-006/SA-shellcheck-001.expected hooks/EXAMPLES/TEST/FVT-option-systems-007/SA-shellcheck-001.expected hooks/EXAMPLES/TEST/FVT-option-systems-008/SA-shellcheck-001.expected -->   updated FVT-setup.sh  
