./hooks/EXAMPLES/FVT-exit-code-error-0-001
./hooks/EXAMPLES/FVT-option-usage-004
./hooks/EXAMPLES/FVT-option-version-004
./hooks/EXAMPLES/tmp-test-tar-files/name-that-file-bzip2
./hooks/EXAMPLES/tmp-test-tar-files/name-that-file-compress
./hooks/EXAMPLES/tmp-test-tar-files/name-that-file-default
./hooks/EXAMPLES/tmp-test-tar-files/name-that-file-format-gnu
./hooks/EXAMPLES/tmp-test-tar-files/name-that-file-format-oldgnu
./hooks/EXAMPLES/tmp-test-tar-files/name-that-file-format-pax
./hooks/EXAMPLES/tmp-test-tar-files/name-that-file-format-posix
./hooks/EXAMPLES/tmp-test-tar-files/name-that-file-format-ustar
./hooks/EXAMPLES/TEST/SA-type-tar-V7-001/name-that-file-format-v7
./hooks/EXAMPLES/tmp-test-tar-files/name-that-file-format-v7
./hooks/EXAMPLES/tmp-test-tar-files/name-that-file-gunzip
./hooks/EXAMPLES/tmp-test-tar-files/name-that-file-gzip
./hooks/EXAMPLES/tmp-test-tar-files/name-that-file-j
./hooks/EXAMPLES/tmp-test-tar-files/name-that-file-J
./hooks/EXAMPLES/tmp-test-tar-files/name-that-file-lzip
./hooks/EXAMPLES/tmp-test-tar-files/name-that-file-lzma
./hooks/EXAMPLES/tmp-test-tar-files/name-that-file-lzop
./hooks/EXAMPLES/TEST/SA-type-tar-V7-001/name-that-file-old-archive
./hooks/EXAMPLES/tmp-test-tar-files/name-that-file-old-archive
./hooks/EXAMPLES/TEST/SA-type-tar-V7-001/name-that-file-portability
./hooks/EXAMPLES/tmp-test-tar-files/name-that-file-portability
./hooks/EXAMPLES/tmp-test-tar-files/name-that-file-posix
./hooks/EXAMPLES/tmp-test-tar-files/name-that-file-txt
./hooks/EXAMPLES/tmp-test-tar-files/name-that-file-uncompress
./hooks/EXAMPLES/tmp-test-tar-files/name-that-file-ungzip
./hooks/EXAMPLES/tmp-test-tar-files/name-that-file-xz
./hooks/EXAMPLES/tmp-test-tar-files/name-that-file-z
./hooks/EXAMPLES/tmp-test-tar-files/name-that-file-Z
./hooks/EXAMPLES/SA-type-tar-archive-001
./hooks/EXAMPLES/SA-type-tar-gzip-001
./hooks/EXAMPLES/SA-type-tar-POSIX-archive-001
./hooks/EXAMPLES/SA-type-tar-POSIX-archive-GNU-001
./hooks/EXAMPLES/SA-type-tar-XZ-001
