#	hooks/bob/TEST/file-bob.sh/SA-shellcheck-001.expected  3.1.247.1995  2020-12-04T00:28:32.250661-06:00 (CST)  https://github.com/BradleyA/git-TEST-commit-automation.git  master  uadmin  five-rpi3b.cptx86.com 3.1.246  
#	   hooks/bob/TEST/file-bob.sh/SA-shellcheck-001.expected hooks/bob/file-bob.sh -->   testing  
