#	hooks/EXAMPLES/TEST/FVT-option-cluster-006/SA-shellcheck-001.expected  3.1.273.2032  2020-12-04T23:13:09.195199-06:00 (CST)  https://github.com/BradleyA/git-TEST-commit-automation.git  master  uadmin  five-rpi3b.cptx86.com 3.1.272  
#	   hooks/EXAMPLES/FVT-option-datadir-001 hooks/EXAMPLES/FVT-option-datadir-002 hooks/EXAMPLES/FVT-option-datadir-003 hooks/EXAMPLES/FVT-option-datadir-004 hooks/EXAMPLES/FVT-option-datadir-005 hooks/EXAMPLES/FVT-option-datadir-006 hooks/EXAMPLES/FVT-option-datadir-007 hooks/EXAMPLES/FVT-option-datadir-008 hooks/EXAMPLES/TEST/FVT-option-cluster-006/SA-shellcheck-001.expected -->   Production standard 1.3.614 DEBUG variable  Production standard 2.3.614 Log format (WHEN WHERE WHAT Version Line WHO UID:GID [TYPE] Message)  
