#	hooks/EXAMPLES/TEST/FVT-option-datadir-007/SA-shellcheck-001.expected  3.1.105.1755  2020-10-24T14:47:57.082399-05:00 (CDT)  https://github.com/BradleyA/git-TEST-commit-automation.git  master  uadmin  five-rpi3b.cptx86.com 3.1.104-9-g93a5b73  
#	   hooks/EXAMPLES/FVT-setup.sh hooks/EXAMPLES/TEST/FVT-option-datadir-001/SA-shellcheck-001.expected hooks/EXAMPLES/TEST/FVT-option-datadir-002/SA-shellcheck-001.expected hooks/EXAMPLES/TEST/FVT-option-datadir-003/SA-shellcheck-001.expected hooks/EXAMPLES/TEST/FVT-option-datadir-004/SA-shellcheck-001.expected hooks/EXAMPLES/TEST/FVT-option-datadir-005/SA-shellcheck-001.expected hooks/EXAMPLES/TEST/FVT-option-datadir-006/SA-shellcheck-001.expected hooks/EXAMPLES/TEST/FVT-option-datadir-007/SA-shellcheck-001.expected hooks/EXAMPLES/TEST/FVT-option-datadir-008/SA-shellcheck-001.expected -->   testing datadir  
